../Core/Src/i2c/display.c:26:6:display_Setup	8	static
../Core/Src/i2c/display.c:34:6:display_Boot	16	static
../Core/Src/i2c/display.c:43:13:display_SetCursor	16	static
../Core/Src/i2c/display.c:47:15:display_RandOffset	8	static
../Core/Src/i2c/display.c:51:6:display_StatusPage	96	static
../Core/Src/i2c/display.c:309:6:display_FactoryResetPage	24	static
../Core/Src/i2c/display.c:348:6:display_EmergencyStop	16	static
../Core/Src/i2c/display.c:362:6:display_dfu	16	static
../Core/Src/i2c/display.c:376:6:display_BtnPress	8	static
../Core/Src/i2c/display.c:387:6:display_setPage	16	static
