../Core/Src/i2c/display.c:35:6:display_Setup	8	static
../Core/Src/i2c/display.c:46:6:display_Boot	16	static
../Core/Src/i2c/display.c:55:13:display_SetCursor	16	static
../Core/Src/i2c/display.c:59:15:display_RandOffset	8	static
../Core/Src/i2c/display.c:71:10:isLeapYear	24	static
../Core/Src/i2c/display.c:64:17:rtcToSeconds	40	static
../Core/Src/i2c/display.c:96:6:display_StatusPage	120	static
../Core/Src/i2c/display.c:388:6:display_FactoryResetPage	24	static
../Core/Src/i2c/display.c:427:6:display_EmergencyStop	16	static
../Core/Src/i2c/display.c:441:6:display_dfu	16	static
../Core/Src/i2c/display.c:455:6:display_BtnPress	8	static
../Core/Src/i2c/display.c:466:6:display_setPage	16	static
