../Core/Src/automation/automation.c:52:13:compare	0	static
../Core/Src/automation/automation.c:13:17:read_register_value	16	static
../Core/Src/automation/automation.c:33:13:write_register_value	0	static
../Core/Src/automation/automation.c:101:6:automation_Tick	32	static
../Core/Src/automation/automation.c:143:10:automation_get_rule_count	0	static
../Core/Src/automation/automation.c:147:10:automation_get_copyRule_count	0	static
../Core/Src/automation/automation.c:151:6:automation_get_rule	0	static
../Core/Src/automation/automation.c:160:6:automation_get_copyRule	0	static
../Core/Src/automation/automation.c:218:6:automation_save_rules	808	static
../Core/Src/automation/automation.c:111:6:automation_add_rule	16	static
../Core/Src/automation/automation.c:128:6:automation_add_copyRule	24	static
../Core/Src/automation/automation.c:169:6:automation_delete_rule	24	static
../Core/Src/automation/automation.c:194:6:automation_delete_copyRule	16	static
../Core/Src/automation/automation.c:282:6:automation_factory_reset	8	static
../Core/Src/automation/automation.c:304:6:automation_load_rules	1584	static
../Core/Src/automation/automation.c:97:6:automation_Init	0	static
