../Core/Src/io/io_holding_reg.c:70:6:dac_write_func	8	static
../Core/Src/io/io_holding_reg.c:17:6:io_holding_reg_add_channel	20	static
../Core/Src/io/io_holding_reg.c:43:10:io_holding_reg_read	0	static
../Core/Src/io/io_holding_reg.c:52:6:io_holding_reg_write	16	static
../Core/Src/io/io_holding_reg.c:61:6:io_holding_reg_emergencystop	8	static
../Core/Src/io/io_holding_reg.c:103:6:io_holding_reg_set_mode	0	static
../Core/Src/io/io_holding_reg.c:113:6:io_holding_reg_get_mode	0	static
../Core/Src/io/io_holding_reg.c:121:6:io_holding_reg_type_save	32	dynamic
../Core/Src/io/io_holding_reg.c:175:6:io_holding_reg_type_load	48	static
../Core/Src/io/io_holding_reg.c:226:6:io_holding_reg_type_clear	12	static
