../Core/Src/stm32g4xx_hal_msp.c:66:6:HAL_MspInit	8	static
../Core/Src/stm32g4xx_hal_msp.c:93:6:HAL_ADC_MspInit	120	static
../Core/Src/stm32g4xx_hal_msp.c:147:6:HAL_ADC_MspDeInit	8	static
../Core/Src/stm32g4xx_hal_msp.c:180:6:HAL_DAC_MspInit	40	static
../Core/Src/stm32g4xx_hal_msp.c:215:6:HAL_DAC_MspDeInit	0	static
../Core/Src/stm32g4xx_hal_msp.c:244:6:HAL_I2C_MspInit	128	static
../Core/Src/stm32g4xx_hal_msp.c:299:6:HAL_I2C_MspDeInit	8	static
../Core/Src/stm32g4xx_hal_msp.c:330:6:HAL_SPI_MspInit	48	static
../Core/Src/stm32g4xx_hal_msp.c:376:6:HAL_SPI_MspDeInit	8	static
../Core/Src/stm32g4xx_hal_msp.c:408:6:HAL_UART_MspInit	112	static
../Core/Src/stm32g4xx_hal_msp.c:494:6:HAL_UART_MspDeInit	8	static
