../Core/Src/main.c:93:5:main	96	static
../Core/Src/main.c:378:6:SystemClock_Config	88	static
../Core/Src/main.c:425:13:MX_ADC1_Init	56	static
../Core/Src/main.c:493:13:MX_DAC1_Init	56	static
../Core/Src/main.c:547:13:MX_I2C1_Init	8	static
../Core/Src/main.c:595:13:MX_SPI1_Init	8	static
../Core/Src/main.c:635:13:MX_USART1_UART_Init	8	static
../Core/Src/main.c:681:13:MX_DMA_Init	16	static
../Core/Src/main.c:703:13:MX_GPIO_Init	40	static
../Core/Src/main.c:788:6:Error_Handler	4	static,ignoring_inline_asm
