../Core/Src/main.c:90:5:main	64	static
../Core/Src/main.c:298:6:SystemClock_Config	88	static
../Core/Src/main.c:345:13:MX_ADC1_Init	56	static
../Core/Src/main.c:413:13:MX_DAC1_Init	56	static
../Core/Src/main.c:467:13:MX_I2C1_Init	8	static
../Core/Src/main.c:515:13:MX_SPI1_Init	8	static
../Core/Src/main.c:555:13:MX_USART1_UART_Init	8	static
../Core/Src/main.c:601:13:MX_DMA_Init	16	static
../Core/Src/main.c:623:13:MX_GPIO_Init	40	static
../Core/Src/main.c:696:6:Error_Handler	4	static,ignoring_inline_asm
