../Core/Src/rs485/rs485.c:42:6:RS485_SetTransmitMode	8	static
../Core/Src/rs485/rs485.c:50:6:RS485_SetReceiveMode	8	static
../Core/Src/rs485/rs485.c:58:6:RS485_Setup	16	static
../Core/Src/rs485/rs485.c:76:6:RS485_Transmit	24	static
../Core/Src/rs485/rs485.c:95:6:HAL_UARTEx_RxEventCallback	24	static
../Core/Src/rs485/rs485.c:119:6:RS485_TCCallback	8	static
../Core/Src/rs485/rs485.c:134:6:RS485_ProcessPendingFrames	16	static
../Core/Src/rs485/rs485.c:151:6:RS485_TransmitPendingFrames	16	static
../Core/Src/rs485/rs485.c:193:6:HAL_UART_ErrorCallback	16	static
