../Core/Src/automation/automation.c:9:17:read_register_value	24	static
../Core/Src/automation/automation.c:29:13:write_register_value	16	static
../Core/Src/automation/automation.c:48:13:compare	16	static
../Core/Src/automation/automation.c:60:13:evaluate_rule	24	static
../Core/Src/automation/automation.c:82:13:apply_rule	16	static
../Core/Src/automation/automation.c:88:6:automation_Init	8	static
../Core/Src/automation/automation.c:92:6:automation_Tick	16	static
../Core/Src/automation/automation.c:98:6:automation_add_rule	24	static
../Core/Src/automation/automation.c:115:10:automation_get_rule_count	4	static
../Core/Src/automation/automation.c:119:6:automation_get_rule	24	static
../Core/Src/automation/automation.c:128:6:automation_delete_rule	24	static
../Core/Src/automation/automation.c:153:6:automation_save_rules	728	static
../Core/Src/automation/automation.c:190:6:automation_factory_reset	16	static
../Core/Src/automation/automation.c:209:6:automation_load_rules	1432	static
